MySQL Shell 8.0.31

Copyright (c) 2016, 2022, Oracle and/or its affiliates.
Oracle is a registered trademark of Oracle Corporation and/or its affiliates.
Other names may be trademarks of their respective owners.

Type '\help' or '\?' for help; '\quit' to exit.
 MySQL  JS > \sql
Switching to SQL mode... Commands end with ;
 MySQL  SQL > \connect --mc roolt@localhost
Creating a Classic session to 'roolt@localhost'
Please provide the password for 'roolt@localhost': ****
MySQL Error 1045 (28000): Access denied for user 'roolt'@'localhost' (using password: YES)
 MySQL  SQL > n
ERROR: Not connected.
           -> ;
ERROR: Not connected.
 MySQL  SQL > \connect --mc root@localhost
Creating a Classic session to 'root@localhost'
Please provide the password for 'root@localhost': ****
Save password for 'root@localhost'? [Y]es/[N]o/Ne[v]er (default No): n
Fetching global names for auto-completion... Press ^C to stop.
Your MySQL connection id is 9
Server version: 8.0.31 MySQL Community Server - GPL
No default schema selected; type \use <schema> to set one.
 MySQL  localhost:3306 ssl  SQL > create database eva_2;
Query OK, 1 row affected (0.1066 sec)
 MySQL  localhost:3306 ssl  SQL > show databases;
+--------------------+
| Database           |
+--------------------+
| agencia            |
| bdpendientes       |
| empleados          |
| eva_2              |
| evaluacion_1       |
| information_schema |
| mysql              |
| orders             |
| performance_schema |
| sakila             |
| sys                |
| world              |
+--------------------+
12 rows in set (0.0032 sec)
 MySQL  localhost:3306 ssl  SQL > \use eva_2
Default schema set to `eva_2`.
Fetching global names, object names from `eva_2` for auto-completion... Press ^C to stop.
 MySQL  localhost:3306 ssl  eva_2  SQL > create table factura(
                                      -> id int auto_increment key,
                                      -> id_cliente int not null);
Query OK, 0 rows affected (0.2894 sec)
 MySQL  localhost:3306 ssl  eva_2  SQL > desc factura;
+------------+------+------+-----+---------+----------------+
| Field      | Type | Null | Key | Default | Extra          |
+------------+------+------+-----+---------+----------------+
| id         | int  | NO   | PRI | NULL    | auto_increment |
| id_cliente | int  | NO   |     | NULL    |                |
+------------+------+------+-----+---------+----------------+
2 rows in set (0.0092 sec)
 MySQL  localhost:3306 ssl  eva_2  SQL > insert into factura(id_cliente)
                                      -> values(1);
Query OK, 1 row affected (0.0824 sec)
 MySQL  localhost:3306 ssl  eva_2  SQL > insert into factura(id_cliente) values(2);
Query OK, 1 row affected (0.2112 sec)
 MySQL  localhost:3306 ssl  eva_2  SQL > insert into factura(id_cliente) values(3);
Query OK, 1 row affected (0.0843 sec)
 MySQL  localhost:3306 ssl  eva_2  SQL > insert into factura(id_cliente) values(4);
Query OK, 1 row affected (0.0700 sec)
 MySQL  localhost:3306 ssl  eva_2  SQL > insert into factura(id_cliente) values(4);
Query OK, 1 row affected (0.0904 sec)
 MySQL  localhost:3306 ssl  eva_2  SQL > insert into factura(id_cliente) values(2);
Query OK, 1 row affected (0.0721 sec)
 MySQL  localhost:3306 ssl  eva_2  SQL > insert into factura(id_cliente) values(4);
Query OK, 1 row affected (0.0966 sec)
 MySQL  localhost:3306 ssl  eva_2  SQL > insert into factura(id_cliente) values(3);
Query OK, 1 row affected (0.0513 sec)
 MySQL  localhost:3306 ssl  eva_2  SQL > select * from factura;
+----+------------+
| id | id_cliente |
+----+------------+
|  1 |          1 |
|  2 |          2 |
|  3 |          3 |
|  4 |          4 |
|  5 |          4 |
|  6 |          2 |
|  7 |          4 |
|  8 |          3 |
+----+------------+
8 rows in set (0.0021 sec)
 MySQL  localhost:3306 ssl  eva_2  SQL > create table DetalleFactura(
                                      -> id int auto_increment key,
                                      -> id_factura int,
                                      -> id_producto int,
                                      -> foreign key(id_factura),
                                      -> reference factura(id)
                                      -> on delete restrict
                                      -> on update cascade);
ERROR: 1064 (42000): You have an error in your SQL syntax; check the manual that corresponds to your MySQL server version for the right syntax to use near ',
reference factura(id)
on delete restrict
on update cascade)' at line 5
 MySQL  localhost:3306 ssl  eva_2  SQL > create table DetalleFactura( id int auto_increment key, id_factura int, id_producto int foreign key(id_factura), reference factura(id) on delete restrict  on update cascade);
ERROR: 1064 (42000): You have an error in your SQL syntax; check the manual that corresponds to your MySQL server version for the right syntax to use near 'foreign key(id_factura), reference factura(id) on delete restrict  on update cas' at line 1
 MySQL  localhost:3306 ssl  eva_2  SQL > create table DetalleFactura( id int auto_increment key, id_factura int, id_producto int, foreign key(id_factura), references factura(id) on delete restrict  on update ccreate table DetalleFactura( id int auto_increment key, id_factura int, id_producto int, foreign key(id_factura), references factura(id) on delete restrict  on update cascade);able DetalleFactura( id int auto_increment key, id_factura int, id_producto int, foreign key(id_factura), references fa
ERROR: 1064 (42000): You have an error in your SQL syntax; check the manual that corresponds to your MySQL server version for the right syntax to use near ', references factura(id) on delete restrict  on update cascade)' at line 1actura( id int auto_increment key, id_factura int, id_producto int, foreign key(id_factura), references fa
 MySQL  localhost:3306 ssl  eva_2  SQL > ascade);
 MySQL  localhost:3306 ssl  eva_2  SQL > create table DetalleFactura(id int auto_increment key, id_factura int, id_producto int, foreign key(id_factura), references factura(id) on delete restrict  on update cascade);
ERROR: 1064 (42000): You have an error in your SQL syntax; check the manual that corresponds to your MySQL server version for the right syntax to use near ', references factura(id) on delete restrict  on update cascade)' at line 1
 MySQL  localhost:3306 ssl  eva_2  SQL > create table detallefactura(
                                      -> id int auto_increment key,
                                      -> id_factura int,
                                      -> id_producto int,
                                      -> foreign key(id_factura) references factura(id) on delete restrict on update cascade);
Query OK, 0 rows affected (0.2155 sec)
 MySQL  localhost:3306 ssl  eva_2  SQL > insert into detallefactura(id_factura, id_producto) values(2,10);
Query OK, 1 row affected (0.1281 sec)
 MySQL  localhost:3306 ssl  eva_2  SQL > insert into detallefactura(id_factura, id_producto) values(4,5);
Query OK, 1 row affected (0.1019 sec)
 MySQL  localhost:3306 ssl  eva_2  SQL > insert into detallefactura(id_factura, id_producto) values(3,5);
Query OK, 1 row affected (0.1214 sec)
 MySQL  localhost:3306 ssl  eva_2  SQL > insert into detallefactura(id_factura, id_producto) values(4,5);
Query OK, 1 row affected (0.0959 sec)
 MySQL  localhost:3306 ssl  eva_2  SQL > insert into detallefactura(id_factura, id_producto) values(4,5);
Query OK, 1 row affected (0.0440 sec)
 MySQL  localhost:3306 ssl  eva_2  SQL > insert into detallefactura(id_factura, id_producto) values(2,3);
Query OK, 1 row affected (0.0497 sec)
 MySQL  localhost:3306 ssl  eva_2  SQL > select * from detallefactura;
+----+------------+-------------+
| id | id_factura | id_producto |
+----+------------+-------------+
|  1 |          2 |          10 |
|  2 |          4 |           5 |
|  3 |          3 |           5 |
|  4 |          4 |           5 |
|  5 |          4 |           5 |
|  6 |          2 |           3 |
+----+------------+-------------+
6 rows in set (0.0018 sec)
 MySQL  localhost:3306 ssl  eva_2  SQL > desc detalle factura;
ERROR: 1146 (42S02): Table 'eva_2.detalle' doesn't exist
 MySQL  localhost:3306 ssl  eva_2  SQL > desc detallefactura;
+-------------+------+------+-----+---------+----------------+
| Field       | Type | Null | Key | Default | Extra          |
+-------------+------+------+-----+---------+----------------+
| id          | int  | NO   | PRI | NULL    | auto_increment |
| id_factura  | int  | YES  | MUL | NULL    |                |
| id_producto | int  | YES  |     | NULL    |                |
+-------------+------+------+-----+---------+----------------+
3 rows in set (0.0051 sec)
 MySQL  localhost:3306 ssl  eva_2  SQL > select distinct(id_factura) from detallefactura;
+------------+
| id_factura |
+------------+
|          2 |
|          3 |
|          4 |
+------------+
3 rows in set (0.0024 sec)
 MySQL  localhost:3306 ssl  eva_2  SQL > delete from factura where id=2;
ERROR: 1451 (23000): Cannot delete or update a parent row: a foreign key constraint fails (`eva_2`.`detallefactura`, CONSTRAINT `detallefactura_ibfk_1` FOREIGN KEY (`id_factura`) REFERENCES `factura` (`id`) ON DELETE RESTRICT ON UPDATE CASCADE)
 MySQL  localhost:3306 ssl  eva_2  SQL > delete from factura where id=4;
ERROR: 1451 (23000): Cannot delete or update a parent row: a foreign key constraint fails (`eva_2`.`detallefactura`, CONSTRAINT `detallefactura_ibfk_1` FOREIGN KEY (`id_factura`) REFERENCES `factura` (`id`) ON DELETE RESTRICT ON UPDATE CASCADE)
 MySQL  localhost:3306 ssl  eva_2  SQL > delete from factura where id=1;
Query OK, 1 row affected (0.0469 sec)
 MySQL  localhost:3306 ssl  eva_2  SQL > select * from factura;
+----+------------+
| id | id_cliente |
+----+------------+
|  2 |          2 |
|  3 |          3 |
|  4 |          4 |
|  5 |          4 |
|  6 |          2 |
|  7 |          4 |
|  8 |          3 |
+----+------------+
7 rows in set (0.0018 sec)
 MySQL  localhost:3306 ssl  eva_2  SQL > update factura
                                      -> set id=1
                                      -> where id=3;
Query OK, 1 row affected (0.4156 sec)

Rows matched: 1  Changed: 1  Warnings: 0
 MySQL  localhost:3306 ssl  eva_2  SQL > select * from factura;
+----+------------+
| id | id_cliente |
+----+------------+
|  1 |          3 |
|  2 |          2 |
|  4 |          4 |
|  5 |          4 |
|  6 |          2 |
|  7 |          4 |
|  8 |          3 |
+----+------------+
7 rows in set (0.0012 sec)
 MySQL  localhost:3306 ssl  eva_2  SQL > select * from detallefactura;
+----+------------+-------------+
| id | id_factura | id_producto |
+----+------------+-------------+
|  1 |          2 |          10 |
|  2 |          4 |           5 |
|  3 |          1 |           5 |
|  4 |          4 |           5 |
|  5 |          4 |           5 |
|  6 |          2 |           3 |
+----+------------+-------------+
6 rows in set (0.0025 sec)
 MySQL  localhost:3306 ssl  eva_2  SQL > update detallefactura
                                      -> set id_factura = 10
                                      -> where id_factura = 1;
ERROR: 1452 (23000): Cannot add or update a child row: a foreign key constraint fails (`eva_2`.`detallefactura`, CONSTRAINT `detallefactura_ibfk_1` FOREIGN KEY (`id_factura`) REFERENCES `factura` (`id`) ON DELETE RESTRICT ON UPDATE CASCADE)
 MySQL  localhost:3306 ssl  eva_2  SQL > update detallefactura set id_factura = 8 where id_factura = 1;
Query OK, 1 row affected (0.0437 sec)

Rows matched: 1  Changed: 1  Warnings: 0
 MySQL  localhost:3306 ssl  eva_2  SQL > select * from detallefactura;
+----+------------+-------------+
| id | id_factura | id_producto |
+----+------------+-------------+
|  1 |          2 |          10 |
|  2 |          4 |           5 |
|  3 |          8 |           5 |
|  4 |          4 |           5 |
|  5 |          4 |           5 |
|  6 |          2 |           3 |
+----+------------+-------------+
6 rows in set (0.0025 sec)
 MySQL  localhost:3306 ssl  eva_2  SQL > delete from factura where id=3;
Query OK, 0 rows affected (0.0018 sec)
 MySQL  localhost:3306 ssl  eva_2  SQL >